----------------------------------------
[Thu Nov 27 21:45:44 CST 2025] Job Started
=== 排程開始: 2025-11-27 13:45:45.265609 ===
正在爬取: RTX4090 ...
  [DB] 正在寫入 15 筆資料... 完成！ (新增商品: 0, 新增價格紀錄: 15)
正在爬取: RTX4080 ...
  [DB] 正在寫入 36 筆資料... 完成！ (新增商品: 0, 新增價格紀錄: 36)
正在爬取: RTX4070 ...
  [DB] 正在寫入 34 筆資料... 完成！ (新增商品: 0, 新增價格紀錄: 34)
正在爬取: RTX4060 ...
  [DB] 正在寫入 39 筆資料... 完成！ (新增商品: 0, 新增價格紀錄: 39)
正在爬取: Intel i9-14900K ...
  [DB] 正在寫入 1 筆資料... 完成！ (新增商品: 0, 新增價格紀錄: 1)
正在爬取: Intel i7-14700K ...
  [DB] 正在寫入 5 筆資料... 完成！ (新增商品: 0, 新增價格紀錄: 5)
正在爬取: Intel ...
  [DB] 正在寫入 40 筆資料... 完成！ (新增商品: 0, 新增價格紀錄: 40)
正在爬取: AMD Ryzen 9 ...
  [DB] 正在寫入 26 筆資料... 完成！ (新增商品: 0, 新增價格紀錄: 26)
正在爬取: AMD Ryzen 7 ...
  [DB] 正在寫入 31 筆資料... 完成！ (新增商品: 0, 新增價格紀錄: 31)
正在爬取: AMD ...
  [DB] 正在寫入 40 筆資料... 完成！ (新增商品: 0, 新增價格紀錄: 40)
正在爬取: Z790 ...
  [DB] 正在寫入 35 筆資料... 完成！ (新增商品: 0, 新增價格紀錄: 35)
正在爬取: B760 ...
  [DB] 正在寫入 40 筆資料... 完成！ (新增商品: 0, 新增價格紀錄: 40)
正在爬取: DDR5 64G ...
  [DB] 正在寫入 24 筆資料... 完成！ (新增商品: 0, 新增價格紀錄: 24)
正在爬取: DDR5 32G ...
  [DB] 正在寫入 36 筆資料... 完成！ (新增商品: 0, 新增價格紀錄: 36)
正在爬取: DDR ...
  [DB] 正在寫入 23 筆資料... 完成！ (新增商品: 0, 新增價格紀錄: 23)
正在爬取: SSD 2TB ...
  [DB] 正在寫入 40 筆資料... 完成！ (新增商品: 0, 新增價格紀錄: 40)
正在爬取: SSD 4TB ...
  [DB] 正在寫入 40 筆資料... 完成！ (新增商品: 0, 新增價格紀錄: 40)
正在爬取: SSD ...
  [DB] 正在寫入 40 筆資料...Traceback (most recent call last):
  File "/home/bearxiong/pc_crawler_project/venv/lib64/python3.6/site-packages/django/db/models/query.py", line 581, in get_or_create
    return self.get(**kwargs), False
  File "/home/bearxiong/pc_crawler_project/venv/lib64/python3.6/site-packages/django/db/models/query.py", line 437, in get
    self.model._meta.object_name
core.models.DoesNotExist: Product matching query does not exist.

During handling of the above exception, another exception occurred:

Traceback (most recent call last):
  File "/home/bearxiong/pc_crawler_project/venv/lib64/python3.6/site-packages/django/db/backends/utils.py", line 84, in _execute
    return self.cursor.execute(sql, params)
  File "/home/bearxiong/pc_crawler_project/venv/lib64/python3.6/site-packages/django/db/backends/mysql/base.py", line 73, in execute
    return self.cursor.execute(query, args)
  File "/home/bearxiong/pc_crawler_project/venv/lib64/python3.6/site-packages/MySQLdb/cursors.py", line 206, in execute
    res = self._query(query)
  File "/home/bearxiong/pc_crawler_project/venv/lib64/python3.6/site-packages/MySQLdb/cursors.py", line 319, in _query
    db.query(q)
  File "/home/bearxiong/pc_crawler_project/venv/lib64/python3.6/site-packages/MySQLdb/connections.py", line 254, in query
    _mysql.connection.query(self, query)
MySQLdb.OperationalError: (1366, "Incorrect string value: '\\xF0\\x9F\\x92\\xA5\\xE5\\x85...' for column 'description' at row 1")

The above exception was the direct cause of the following exception:

Traceback (most recent call last):
  File "batch_job.py", line 85, in <module>
    save_to_django(products)
  File "batch_job.py", line 57, in save_to_django
    'specs': item.get('specs', {}) 
  File "/home/bearxiong/pc_crawler_project/venv/lib64/python3.6/site-packages/django/db/models/manager.py", line 85, in manager_method
    return getattr(self.get_queryset(), name)(*args, **kwargs)
  File "/home/bearxiong/pc_crawler_project/venv/lib64/python3.6/site-packages/django/db/models/query.py", line 608, in update_or_create
    obj, created = self.select_for_update().get_or_create(defaults, **kwargs)
  File "/home/bearxiong/pc_crawler_project/venv/lib64/python3.6/site-packages/django/db/models/query.py", line 588, in get_or_create
    return self.create(**params), True
  File "/home/bearxiong/pc_crawler_project/venv/lib64/python3.6/site-packages/django/db/models/query.py", line 453, in create
    obj.save(force_insert=True, using=self.db)
  File "/home/bearxiong/pc_crawler_project/venv/lib64/python3.6/site-packages/django/db/models/base.py", line 740, in save
    force_update=force_update, update_fields=update_fields)
  File "/home/bearxiong/pc_crawler_project/venv/lib64/python3.6/site-packages/django/db/models/base.py", line 778, in save_base
    force_update, using, update_fields,
  File "/home/bearxiong/pc_crawler_project/venv/lib64/python3.6/site-packages/django/db/models/base.py", line 881, in _save_table
    results = self._do_insert(cls._base_manager, using, fields, returning_fields, raw)
  File "/home/bearxiong/pc_crawler_project/venv/lib64/python3.6/site-packages/django/db/models/base.py", line 921, in _do_insert
    using=using, raw=raw,
  File "/home/bearxiong/pc_crawler_project/venv/lib64/python3.6/site-packages/django/db/models/manager.py", line 85, in manager_method
    return getattr(self.get_queryset(), name)(*args, **kwargs)
  File "/home/bearxiong/pc_crawler_project/venv/lib64/python3.6/site-packages/django/db/models/query.py", line 1270, in _insert
    return query.get_compiler(using=using).execute_sql(returning_fields)
  File "/home/bearxiong/pc_crawler_project/venv/lib64/python3.6/site-packages/django/db/models/sql/compiler.py", line 1416, in execute_sql
    cursor.execute(sql, params)
  File "/home/bearxiong/pc_crawler_project/venv/lib64/python3.6/site-packages/django/db/backends/utils.py", line 98, in execute
    return super().execute(sql, params)
  File "/home/bearxiong/pc_crawler_project/venv/lib64/python3.6/site-packages/django/db/backends/utils.py", line 66, in execute
    return self._execute_with_wrappers(sql, params, many=False, executor=self._execute)
  File "/home/bearxiong/pc_crawler_project/venv/lib64/python3.6/site-packages/django/db/backends/utils.py", line 75, in _execute_with_wrappers
    return executor(sql, params, many, context)
  File "/home/bearxiong/pc_crawler_project/venv/lib64/python3.6/site-packages/django/db/backends/utils.py", line 84, in _execute
    return self.cursor.execute(sql, params)
  File "/home/bearxiong/pc_crawler_project/venv/lib64/python3.6/site-packages/django/db/utils.py", line 90, in __exit__
    raise dj_exc_value.with_traceback(traceback) from exc_value
  File "/home/bearxiong/pc_crawler_project/venv/lib64/python3.6/site-packages/django/db/backends/utils.py", line 84, in _execute
    return self.cursor.execute(sql, params)
  File "/home/bearxiong/pc_crawler_project/venv/lib64/python3.6/site-packages/django/db/backends/mysql/base.py", line 73, in execute
    return self.cursor.execute(query, args)
  File "/home/bearxiong/pc_crawler_project/venv/lib64/python3.6/site-packages/MySQLdb/cursors.py", line 206, in execute
    res = self._query(query)
  File "/home/bearxiong/pc_crawler_project/venv/lib64/python3.6/site-packages/MySQLdb/cursors.py", line 319, in _query
    db.query(q)
  File "/home/bearxiong/pc_crawler_project/venv/lib64/python3.6/site-packages/MySQLdb/connections.py", line 254, in query
    _mysql.connection.query(self, query)
django.db.utils.OperationalError: (1366, "Incorrect string value: '\\xF0\\x9F\\x92\\xA5\\xE5\\x85...' for column 'description' at row 1")
[Thu Nov 27 21:49:17 CST 2025] Job Finished
----------------------------------------
----------------------------------------
[Thu Nov 27 21:58:18 CST 2025] Job Started
=== 排程開始: 2025-11-27 13:58:18.899364 ===
正在爬取: RTX4090 ...
  [DB] 正在寫入 15 筆資料... 完成！ (新增商品: 0, 新增價格紀錄: 15)
正在爬取: RTX4080 ...
  [DB] 正在寫入 36 筆資料... 完成！ (新增商品: 0, 新增價格紀錄: 36)
正在爬取: RTX4070 ...
  [DB] 正在寫入 34 筆資料... 完成！ (新增商品: 0, 新增價格紀錄: 34)
正在爬取: RTX4060 ...
  [DB] 正在寫入 39 筆資料... 完成！ (新增商品: 0, 新增價格紀錄: 39)
正在爬取: Intel i9-14900K ...
  [DB] 正在寫入 1 筆資料... 完成！ (新增商品: 0, 新增價格紀錄: 1)
正在爬取: Intel i7-14700K ...
  [DB] 正在寫入 5 筆資料... 完成！ (新增商品: 0, 新增價格紀錄: 5)
正在爬取: Intel ...
  [DB] 正在寫入 40 筆資料... 完成！ (新增商品: 0, 新增價格紀錄: 40)
正在爬取: AMD Ryzen 9 ...
  [DB] 正在寫入 26 筆資料... 完成！ (新增商品: 0, 新增價格紀錄: 26)
正在爬取: AMD Ryzen 7 ...
  [DB] 正在寫入 31 筆資料... 完成！ (新增商品: 0, 新增價格紀錄: 31)
正在爬取: AMD ...
  [DB] 正在寫入 40 筆資料... 完成！ (新增商品: 0, 新增價格紀錄: 40)
正在爬取: Z790 ...
  [DB] 正在寫入 35 筆資料... 完成！ (新增商品: 0, 新增價格紀錄: 35)
正在爬取: B760 ...
  [DB] 正在寫入 40 筆資料... 完成！ (新增商品: 0, 新增價格紀錄: 40)
正在爬取: DDR5 64G ...
  [DB] 正在寫入 24 筆資料... 完成！ (新增商品: 0, 新增價格紀錄: 24)
正在爬取: DDR5 32G ...
  [DB] 正在寫入 36 筆資料... 完成！ (新增商品: 0, 新增價格紀錄: 36)
正在爬取: DDR ...
  [DB] 正在寫入 23 筆資料... 完成！ (新增商品: 0, 新增價格紀錄: 23)
正在爬取: SSD 2TB ...
  [DB] 正在寫入 40 筆資料... 完成！ (新增商品: 0, 新增價格紀錄: 40)
正在爬取: SSD 4TB ...
  [DB] 正在寫入 40 筆資料... 完成！ (新增商品: 0, 新增價格紀錄: 40)
正在爬取: SSD ...
  [DB] 正在寫入 40 筆資料... 完成！ (新增商品: 9, 新增價格紀錄: 40)
正在爬取: 850W 金牌 ...
  [DB] 正在寫入 38 筆資料... 完成！ (新增商品: 2, 新增價格紀錄: 38)
正在爬取: 1000W 電源 ...
  [DB] 正在寫入 26 筆資料... 完成！ (新增商品: 2, 新增價格紀錄: 26)
正在爬取: 海韻 850W ...
  [DB] 正在寫入 20 筆資料... 完成！ (新增商品: 0, 新增價格紀錄: 20)
正在爬取: 振華 750W ...
  [DB] 正在寫入 4 筆資料... 完成！ (新增商品: 0, 新增價格紀錄: 4)
正在爬取: 電源供應器 ...
  [DB] 正在寫入 40 筆資料... 完成！ (新增商品: 35, 新增價格紀錄: 40)
正在爬取: HDD 4TB ...
  [DB] 正在寫入 23 筆資料... 完成！ (新增商品: 1, 新增價格紀錄: 23)
正在爬取: HDD 6TB ...
  [DB] 正在寫入 3 筆資料... 完成！ (新增商品: 1, 新增價格紀錄: 3)
正在爬取: HDD ...
  [DB] 正在寫入 40 筆資料... 完成！ (新增商品: 38, 新增價格紀錄: 40)
正在爬取: Seagate 8TB ...
  [DB] 正在寫入 40 筆資料... 完成！ (新增商品: 40, 新增價格紀錄: 40)
正在爬取: WD 8TB ...
  [DB] 正在寫入 40 筆資料... 完成！ (新增商品: 39, 新增價格紀錄: 40)
=== 排程結束: 2025-11-27 14:03:40.190925 ===
[Thu Nov 27 22:03:40 CST 2025] Job Finished
----------------------------------------
----------------------------------------
[Fri Nov 28 22:36:19 CST 2025] Job Started
=== 排程開始: 2025-11-28 14:36:20.420563 ===
正在爬取: RTX4090 ...
  [DB] 正在寫入 15 筆資料... 完成！ (新增商品: 0, 新增價格紀錄: 15)
正在爬取: RTX4080 ...
  [DB] 正在寫入 36 筆資料... 完成！ (新增商品: 0, 新增價格紀錄: 36)
正在爬取: RTX4070 ...
  [DB] 正在寫入 34 筆資料... 完成！ (新增商品: 0, 新增價格紀錄: 34)
正在爬取: RTX4060 ...
  [DB] 正在寫入 39 筆資料... 完成！ (新增商品: 0, 新增價格紀錄: 39)
正在爬取: Intel i9-14900K ...
  [DB] 正在寫入 1 筆資料... 完成！ (新增商品: 0, 新增價格紀錄: 1)
正在爬取: Intel i7-14700K ...
  [DB] 正在寫入 5 筆資料... 完成！ (新增商品: 0, 新增價格紀錄: 5)
正在爬取: Intel ...
  [DB] 正在寫入 40 筆資料... 完成！ (新增商品: 8, 新增價格紀錄: 40)
正在爬取: AMD Ryzen 9 ...
  [DB] 正在寫入 26 筆資料... 完成！ (新增商品: 0, 新增價格紀錄: 26)
正在爬取: AMD Ryzen 7 ...
  [DB] 正在寫入 32 筆資料... 完成！ (新增商品: 2, 新增價格紀錄: 32)
正在爬取: AMD ...
  [DB] 正在寫入 40 筆資料... 完成！ (新增商品: 1, 新增價格紀錄: 40)
正在爬取: Z790 ...
  [DB] 正在寫入 35 筆資料... 完成！ (新增商品: 1, 新增價格紀錄: 35)
正在爬取: B760 ...
  [DB] 正在寫入 40 筆資料... 完成！ (新增商品: 2, 新增價格紀錄: 40)
正在爬取: DDR5 64G ...
  [DB] 正在寫入 24 筆資料... 完成！ (新增商品: 0, 新增價格紀錄: 24)
正在爬取: DDR5 32G ...
  [DB] 正在寫入 35 筆資料... 完成！ (新增商品: 0, 新增價格紀錄: 35)
正在爬取: DDR ...
  [DB] 正在寫入 23 筆資料... 完成！ (新增商品: 1, 新增價格紀錄: 23)
正在爬取: SSD 2TB ...
  [DB] 正在寫入 40 筆資料... 完成！ (新增商品: 3, 新增價格紀錄: 40)
正在爬取: SSD 4TB ...
  [DB] 正在寫入 40 筆資料... 完成！ (新增商品: 0, 新增價格紀錄: 40)
正在爬取: SSD ...
  [DB] 正在寫入 40 筆資料... 完成！ (新增商品: 2, 新增價格紀錄: 40)
正在爬取: 850W 金牌 ...
  [DB] 正在寫入 38 筆資料... 完成！ (新增商品: 0, 新增價格紀錄: 38)
正在爬取: 1000W 電源 ...
  [DB] 正在寫入 26 筆資料... 完成！ (新增商品: 0, 新增價格紀錄: 26)
正在爬取: 海韻 850W ...
  [DB] 正在寫入 20 筆資料... 完成！ (新增商品: 0, 新增價格紀錄: 20)
正在爬取: 振華 750W ...
  [DB] 正在寫入 4 筆資料... 完成！ (新增商品: 0, 新增價格紀錄: 4)
正在爬取: 電源供應器 ...
  [DB] 正在寫入 40 筆資料... 完成！ (新增商品: 0, 新增價格紀錄: 40)
正在爬取: HDD 4TB ...
  [DB] 正在寫入 23 筆資料... 完成！ (新增商品: 0, 新增價格紀錄: 23)
正在爬取: HDD 6TB ...
  [DB] 正在寫入 3 筆資料... 完成！ (新增商品: 0, 新增價格紀錄: 3)
正在爬取: HDD ...
  [DB] 正在寫入 40 筆資料... 完成！ (新增商品: 1, 新增價格紀錄: 40)
正在爬取: Seagate 8TB ...
  [DB] 正在寫入 40 筆資料... 完成！ (新增商品: 0, 新增價格紀錄: 40)
正在爬取: WD 8TB ...
  [DB] 正在寫入 40 筆資料... 完成！ (新增商品: 2, 新增價格紀錄: 40)
=== 排程結束: 2025-11-28 14:41:41.388785 ===
[Fri Nov 28 22:41:41 CST 2025] Job Finished
----------------------------------------
----------------------------------------
[Fri Nov 28 22:55:31 CST 2025] Job Started
=== 排程開始: 2025-11-28 14:55:31.453233 ===
正在爬取: RTX4090 ...
  [DB] 正在寫入 15 筆資料... 完成！ (新增商品: 0, 新增價格紀錄: 15)
正在爬取: RTX4080 ...
  [DB] 正在寫入 36 筆資料... 完成！ (新增商品: 0, 新增價格紀錄: 36)
正在爬取: RTX4070 ...
  [DB] 正在寫入 34 筆資料... 完成！ (新增商品: 0, 新增價格紀錄: 34)
正在爬取: RTX4060 ...
  [DB] 正在寫入 39 筆資料... 完成！ (新增商品: 0, 新增價格紀錄: 39)
正在爬取: Intel i9-14900K ...
  [DB] 正在寫入 1 筆資料... 完成！ (新增商品: 0, 新增價格紀錄: 1)
正在爬取: Intel i7-14700K ...
  [DB] 正在寫入 5 筆資料... 完成！ (新增商品: 0, 新增價格紀錄: 5)
正在爬取: Intel ...
  [DB] 正在寫入 40 筆資料... 完成！ (新增商品: 0, 新增價格紀錄: 40)
正在爬取: AMD Ryzen 9 ...
  [DB] 正在寫入 26 筆資料... 完成！ (新增商品: 0, 新增價格紀錄: 26)
正在爬取: AMD Ryzen 7 ...
  [DB] 正在寫入 32 筆資料... 完成！ (新增商品: 0, 新增價格紀錄: 32)
正在爬取: AMD ...
  [DB] 正在寫入 40 筆資料... 完成！ (新增商品: 0, 新增價格紀錄: 40)
正在爬取: Z790 ...
  [DB] 正在寫入 35 筆資料... 完成！ (新增商品: 0, 新增價格紀錄: 35)
正在爬取: B760 ...
  [DB] 正在寫入 40 筆資料... 完成！ (新增商品: 0, 新增價格紀錄: 40)
正在爬取: DDR5 64G ...
  [DB] 正在寫入 24 筆資料... 完成！ (新增商品: 0, 新增價格紀錄: 24)
正在爬取: DDR5 32G ...
  [DB] 正在寫入 35 筆資料... 完成！ (新增商品: 0, 新增價格紀錄: 35)
正在爬取: DDR ...
  [DB] 正在寫入 23 筆資料... 完成！ (新增商品: 0, 新增價格紀錄: 23)
正在爬取: SSD 2TB ...
  [DB] 正在寫入 40 筆資料... 完成！ (新增商品: 0, 新增價格紀錄: 40)
正在爬取: SSD 4TB ...
  [DB] 正在寫入 40 筆資料... 完成！ (新增商品: 0, 新增價格紀錄: 40)
正在爬取: SSD ...
  [DB] 正在寫入 40 筆資料... 完成！ (新增商品: 0, 新增價格紀錄: 40)
正在爬取: 850W 金牌 ...
  [DB] 正在寫入 38 筆資料... 完成！ (新增商品: 0, 新增價格紀錄: 38)
正在爬取: 1000W 電源 ...
  [DB] 正在寫入 26 筆資料... 完成！ (新增商品: 0, 新增價格紀錄: 26)
正在爬取: 海韻 850W ...
  [DB] 正在寫入 20 筆資料... 完成！ (新增商品: 0, 新增價格紀錄: 20)
正在爬取: 振華 750W ...
  [DB] 正在寫入 4 筆資料... 完成！ (新增商品: 0, 新增價格紀錄: 4)
正在爬取: 電源供應器 ...
  [DB] 正在寫入 40 筆資料... 完成！ (新增商品: 0, 新增價格紀錄: 40)
正在爬取: HDD 4TB ...
  [DB] 正在寫入 23 筆資料... 完成！ (新增商品: 0, 新增價格紀錄: 23)
正在爬取: HDD 6TB ...
  [DB] 正在寫入 3 筆資料... 完成！ (新增商品: 0, 新增價格紀錄: 3)
正在爬取: HDD ...
  [DB] 正在寫入 40 筆資料... 完成！ (新增商品: 0, 新增價格紀錄: 40)
正在爬取: Seagate 8TB ...
  [DB] 正在寫入 40 筆資料... 完成！ (新增商品: 0, 新增價格紀錄: 40)
正在爬取: WD 8TB ...
  [DB] 正在寫入 40 筆資料... 完成！ (新增商品: 0, 新增價格紀錄: 40)
=== 排程結束: 2025-11-28 15:00:38.790445 ===
[Fri Nov 28 23:00:38 CST 2025] Job Finished
----------------------------------------
----------------------------------------
[Fri Nov 28 23:04:49 CST 2025] Job Started
=== 排程開始: 2025-11-28 15:04:49.679561 ===
正在爬取: RTX4090 ...
  [DB] 正在寫入 15 筆資料... 完成！ (新增商品: 0, 新增價格紀錄: 15)
正在爬取: RTX4080 ...
  [DB] 正在寫入 36 筆資料... 完成！ (新增商品: 0, 新增價格紀錄: 36)
正在爬取: RTX4070 ...
  [DB] 正在寫入 34 筆資料... 完成！ (新增商品: 0, 新增價格紀錄: 34)
正在爬取: RTX4060 ...
  [DB] 正在寫入 39 筆資料... 完成！ (新增商品: 0, 新增價格紀錄: 39)
正在爬取: Intel i9-14900K ...
  [DB] 正在寫入 1 筆資料... 完成！ (新增商品: 0, 新增價格紀錄: 1)
正在爬取: Intel i7-14700K ...
  [DB] 正在寫入 5 筆資料... 完成！ (新增商品: 0, 新增價格紀錄: 5)
正在爬取: Intel ...
  [DB] 正在寫入 40 筆資料... 完成！ (新增商品: 0, 新增價格紀錄: 40)
正在爬取: AMD Ryzen 9 ...
  [DB] 正在寫入 26 筆資料... 完成！ (新增商品: 0, 新增價格紀錄: 26)
正在爬取: AMD Ryzen 7 ...
  [DB] 正在寫入 32 筆資料... 完成！ (新增商品: 0, 新增價格紀錄: 32)
正在爬取: AMD ...
  [DB] 正在寫入 40 筆資料... 完成！ (新增商品: 0, 新增價格紀錄: 40)
正在爬取: Z790 ...
  [DB] 正在寫入 35 筆資料... 完成！ (新增商品: 0, 新增價格紀錄: 35)
正在爬取: B760 ...
  [DB] 正在寫入 40 筆資料... 完成！ (新增商品: 0, 新增價格紀錄: 40)
正在爬取: DDR5 64G ...
  [DB] 正在寫入 24 筆資料... 完成！ (新增商品: 0, 新增價格紀錄: 24)
正在爬取: DDR5 32G ...
  [DB] 正在寫入 35 筆資料... 完成！ (新增商品: 0, 新增價格紀錄: 35)
正在爬取: DDR ...
  [DB] 正在寫入 23 筆資料... 完成！ (新增商品: 0, 新增價格紀錄: 23)
正在爬取: SSD 2TB ...
  [DB] 正在寫入 40 筆資料... 完成！ (新增商品: 0, 新增價格紀錄: 40)
正在爬取: SSD 4TB ...
  [DB] 正在寫入 40 筆資料... 完成！ (新增商品: 0, 新增價格紀錄: 40)
正在爬取: SSD ...
  [DB] 正在寫入 40 筆資料... 完成！ (新增商品: 0, 新增價格紀錄: 40)
正在爬取: 850W 金牌 ...
  [DB] 正在寫入 38 筆資料... 完成！ (新增商品: 0, 新增價格紀錄: 38)
正在爬取: 1000W 電源 ...
  [DB] 正在寫入 26 筆資料... 完成！ (新增商品: 0, 新增價格紀錄: 26)
正在爬取: 海韻 850W ...
  [DB] 正在寫入 20 筆資料... 完成！ (新增商品: 0, 新增價格紀錄: 20)
正在爬取: 振華 750W ...
  [DB] 正在寫入 4 筆資料... 完成！ (新增商品: 0, 新增價格紀錄: 4)
正在爬取: 電源供應器 ...
  [DB] 正在寫入 40 筆資料... 完成！ (新增商品: 0, 新增價格紀錄: 40)
正在爬取: HDD 4TB ...
  [DB] 正在寫入 23 筆資料... 完成！ (新增商品: 0, 新增價格紀錄: 23)
正在爬取: HDD 6TB ...
  [DB] 正在寫入 3 筆資料... 完成！ (新增商品: 0, 新增價格紀錄: 3)
正在爬取: HDD ...
  [DB] 正在寫入 40 筆資料... 完成！ (新增商品: 0, 新增價格紀錄: 40)
正在爬取: Seagate 8TB ...
  [DB] 正在寫入 40 筆資料... 完成！ (新增商品: 0, 新增價格紀錄: 40)
正在爬取: WD 8TB ...
  [DB] 正在寫入 40 筆資料... 完成！ (新增商品: 0, 新增價格紀錄: 40)
=== 排程結束: 2025-11-28 15:10:40.126874 ===
[Fri Nov 28 23:10:40 CST 2025] Job Finished
----------------------------------------
